{
    "test_gatk4_denoisereadcounts": {
        "content": [
            [
                
            ],
            [
                
            ]
        ],
        "meta": {
            "nf-test": "0.8.4",
            "nextflow": "23.10.1"
        },
        "timestamp": "2024-02-16T09:01:06.946037"
    }
}