{
    "test_cram_sites_dragstr.vcf.gz": {
        "content": [
            "test_cram_sites_dragstr.vcf.gz"
        ],
        "meta": {
            "nf-test": "0.8.4",
            "nextflow": "23.10.0"
        },
        "timestamp": "2024-02-13T15:52:33.66625"
    },
    "test_cram.vcf.gz": {
        "content": [
            "test_cram.vcf.gz"
        ],
        "meta": {
            "nf-test": "0.8.4",
            "nextflow": "23.10.0"
        },
        "timestamp": "2024-02-13T15:51:40.481762"
    },
    "test_bam.vcf.gz.tbi": {
        "content": [
            "test_bam.vcf.gz.tbi"
        ],
        "meta": {
            "nf-test": "0.8.4",
            "nextflow": "23.10.0"
        },
        "timestamp": "2024-02-13T15:51:13.943629"
    },
    "test_cram_sites.vcf.gz": {
        "content": [
            "test_cram_sites.vcf.gz"
        ],
        "meta": {
            "nf-test": "0.8.4",
            "nextflow": "23.10.0"
        },
        "timestamp": "2024-02-13T15:52:06.926907"
    },
    "test_cram_sites.vcf.gz.tbi": {
        "content": [
            "test_cram_sites.vcf.gz.tbi"
        ],
        "meta": {
            "nf-test": "0.8.4",
            "nextflow": "23.10.0"
        },
        "timestamp": "2024-02-13T15:52:06.939663"
    },
    "test_cram_sites_dragstr.vcf.gz.tbi": {
        "content": [
            "test_cram_sites_dragstr.vcf.gz.tbi"
        ],
        "meta": {
            "nf-test": "0.8.4",
            "nextflow": "23.10.0"
        },
        "timestamp": "2024-02-13T15:52:33.670542"
    },
    "test_bam.vcf.gz": {
        "content": [
            "test_bam.vcf.gz"
        ],
        "meta": {
            "nf-test": "0.8.4",
            "nextflow": "23.10.0"
        },
        "timestamp": "2024-02-13T15:51:13.920667"
    },
    "test_cram.vcf.gz.tbi": {
        "content": [
            "test_cram.vcf.gz.tbi"
        ],
        "meta": {
            "nf-test": "0.8.4",
            "nextflow": "23.10.0"
        },
        "timestamp": "2024-02-13T15:51:40.495226"
    }
}